<?xml version="1.0" encoding="UTF-8"?>
<config xmlns="http://www.knime.org/2008/09/XMLConfig" xmlns:xsi="http://www.w3.org/2001/XMLSchema-instance" xsi:schemaLocation="http://www.knime.org/2008/09/XMLConfig http://www.knime.org/XMLConfig_2008_09.xsd" key="test">
    <entry key="DocumentColumn" type="xstring" value="Document"/>
    <entry key="TermColumn" type="xstring" value="Term column"/>
    <config key="ColumnFilter">
        <entry key="filter-type" type="xstring" value="STANDARD"/>
        <config key="included_names">
            <entry key="array-size" type="xint" value="20"/>
            <entry key="0" type="xstring" value="Country Code"/>
            <entry key="1" type="xstring" value="Long Name"/>
            <entry key="2" type="xstring" value="Income Group"/>
            <entry key="3" type="xstring" value="WB-2 code"/>
            <entry key="4" type="xstring" value="Other groups"/>
            <entry key="5" type="xstring" value="System of National Accounts"/>
            <entry key="6" type="xstring" value="Alternative conversion factor"/>
            <entry key="7" type="xstring" value="PPP survey year"/>
            <entry key="8" type="xstring" value="Balance of Payments Manual in use"/>
            <entry key="9" type="xstring" value="External debt Reporting status"/>
            <entry key="10" type="xstring" value="System of trade"/>
            <entry key="11" type="xstring" value="Government Accounting concept"/>
            <entry key="12" type="xstring" value="IMF data dissemination standard"/>
            <entry key="13" type="xstring" value="Latest population census"/>
            <entry key="14" type="xstring" value="Latest household survey"/>
            <entry key="15" type="xstring" value="Source of most recent Income and expenditure data"/>
            <entry key="16" type="xstring" value="Vital registration complete"/>
            <entry key="17" type="xstring" value="Latest agricultural census"/>
            <entry key="18" type="xstring" value="Latest industrial data"/>
            <entry key="19" type="xstring" value="Latest trade data"/>
        </config>
        <config key="excluded_names">
            <entry key="array-size" type="xint" value="12"/>
            <entry key="0" type="xstring" value="Short Name"/>
            <entry key="1" type="xstring" value="Table Name"/>
            <entry key="2" type="xstring" value="2-alpha code"/>
            <entry key="3" type="xstring" value="Currency Unit"/>
            <entry key="4" type="xstring" value="Special Notes"/>
            <entry key="5" type="xstring" value="Region"/>
            <entry key="6" type="xstring" value="National accounts base year"/>
            <entry key="7" type="xstring" value="National accounts reference year"/>
            <entry key="8" type="xstring" value="SNA price valuation"/>
            <entry key="9" type="xstring" value="Lending category"/>
            <entry key="10" type="xstring" value="Column30"/>
            <entry key="11" type="xstring" value="Document"/>
        </config>
        <entry key="enforce_option" type="xstring" value="EnforceInclusion"/>
        <config key="name_pattern">
            <entry key="pattern" type="xstring" value=""/>
            <entry key="caseSensitive" type="xboolean" value="true"/>
            <entry key="excludeMatching" type="xboolean" value="false"/>
            <entry key="type" type="xstring" value="Wildcard"/>
        </config>
        <config key="datatype">
            <config key="typelist"/>
        </config>
    </config>
</config>
