{
  "data" : {
    "model" : {
      "documentColumn" : "Document",
      "termColumn" : "Term",
      "columnFilter" : {
        "mode" : "MANUAL",
        "patternFilter" : {
          "pattern" : "",
          "isCaseSensitive" : false,
          "isInverted" : false
        },
        "manualFilter" : {
          "manuallySelected" : [ "Document", "Column1", "Column2", "Column3", "Column4" ],
          "manuallyDeselected" : [ ],
          "includeUnknownColumns" : true
        },
        "typeFilter" : {
          "selectedTypes" : [ ],
          "typeDisplays" : [ ]
        }
      }
    }
  },
  "schema" : {
    "type" : "object",
    "properties" : {
      "model" : {
        "type" : "object",
        "properties" : {
          "columnFilter" : {
            "type" : "object",
            "properties" : {
              "manualFilter" : {
                "type" : "object",
                "properties" : {
                  "includeUnknownColumns" : {
                    "type" : "boolean",
                    "default" : false
                  },
                  "manuallyDeselected" : {
                    "type" : "array",
                    "items" : {
                      "type" : "string"
                    }
                  },
                  "manuallySelected" : {
                    "type" : "array",
                    "items" : {
                      "type" : "string"
                    }
                  }
                },
                "default" : {
                  "manuallySelected" : [ ],
                  "manuallyDeselected" : [ ],
                  "includeUnknownColumns" : false
                }
              },
              "mode" : {
                "oneOf" : [ {
                  "const" : "MANUAL",
                  "title" : "Manual"
                }, {
                  "const" : "REGEX",
                  "title" : "Regex"
                }, {
                  "const" : "WILDCARD",
                  "title" : "Wildcard"
                }, {
                  "const" : "TYPE",
                  "title" : "Type"
                } ],
                "default" : "MANUAL"
              },
              "patternFilter" : {
                "type" : "object",
                "properties" : {
                  "isCaseSensitive" : {
                    "type" : "boolean",
                    "default" : false
                  },
                  "isInverted" : {
                    "type" : "boolean",
                    "default" : false
                  },
                  "pattern" : {
                    "type" : "string",
                    "default" : ""
                  }
                },
                "default" : {
                  "pattern" : "",
                  "isCaseSensitive" : false,
                  "isInverted" : false
                }
              },
              "selected" : {
                "type" : "array",
                "items" : {
                  "type" : "string"
                }
              },
              "typeFilter" : {
                "type" : "object",
                "properties" : {
                  "selectedTypes" : {
                    "default" : [ ],
                    "type" : "array",
                    "items" : {
                      "type" : "string"
                    }
                  }
                },
                "default" : {
                  "selectedTypes" : [ ],
                  "typeDisplays" : [ ]
                }
              }
            },
            "title" : "Column selection",
            "description" : "Selected columns will be copied to the output table. Columns that are not selected will not appear in the output table.",
            "default" : {
              "mode" : "MANUAL",
              "patternFilter" : {
                "pattern" : "",
                "isCaseSensitive" : false,
                "isInverted" : false
              },
              "manualFilter" : {
                "manuallySelected" : [ "Document", "Column1", "Column2", "Column3", "Column4" ],
                "manuallyDeselected" : [ ],
                "includeUnknownColumns" : true
              },
              "typeFilter" : {
                "selectedTypes" : [ ],
                "typeDisplays" : [ ]
              }
            }
          },
          "documentColumn" : {
            "type" : "string",
            "title" : "Document column",
            "description" : "Select the document column that is used for creating the bag of words.",
            "default" : "Document"
          },
          "termColumn" : {
            "type" : "string",
            "title" : "Term column",
            "description" : "The name of the term column to be created.",
            "default" : "Term"
          }
        }
      }
    }
  },
  "ui_schema" : {
    "elements" : [ {
      "type" : "Control",
      "scope" : "#/properties/model/properties/documentColumn",
      "options" : {
        "format" : "dropDown"
      },
      "providedOptions" : [ "possibleValues" ]
    }, {
      "type" : "Control",
      "scope" : "#/properties/model/properties/termColumn"
    }, {
      "type" : "Control",
      "scope" : "#/properties/model/properties/columnFilter",
      "options" : {
        "format" : "typedStringFilter",
        "unknownValuesText" : "Any unknown column",
        "emptyStateLabel" : "No columns in this list."
      },
      "providedOptions" : [ "possibleValues" ]
    } ]
  },
  "persist" : {
    "type" : "object",
    "properties" : {
      "model" : {
        "type" : "object",
        "properties" : {
          "documentColumn" : {
            "configKey" : "DocumentColumn"
          },
          "termColumn" : {
            "configKey" : "TermColumn"
          },
          "columnFilter" : {
            "configPaths" : [ [ "ColumnFilter", "filter-type" ], [ "ColumnFilter", "included_names" ], [ "ColumnFilter", "excluded_names" ], [ "ColumnFilter", "enforce_option" ], [ "ColumnFilter", "name_pattern", "pattern" ], [ "ColumnFilter", "name_pattern", "type" ], [ "ColumnFilter", "name_pattern", "caseSensitive" ], [ "ColumnFilter", "name_pattern", "excludeMatching" ] ]
          }
        }
      }
    }
  },
  "initialUpdates" : [ {
    "scope" : "#/properties/model/properties/columnFilter",
    "providedOptionName" : "possibleValues",
    "values" : [ {
      "indices" : [ ],
      "value" : [ {
        "id" : "Document",
        "text" : "Document",
        "type" : {
          "id" : "org.knime.ext.textprocessing.data.DocumentValue",
          "text" : "Text document"
        }
      }, {
        "id" : "Column1",
        "text" : "Column1",
        "type" : {
          "id" : "org.knime.core.data.StringValue",
          "text" : "String"
        }
      }, {
        "id" : "Column2",
        "text" : "Column2",
        "type" : {
          "id" : "org.knime.core.data.StringValue",
          "text" : "String"
        }
      }, {
        "id" : "Column3",
        "text" : "Column3",
        "type" : {
          "id" : "org.knime.core.data.StringValue",
          "text" : "String"
        }
      }, {
        "id" : "Column4",
        "text" : "Column4",
        "type" : {
          "id" : "org.knime.core.data.StringValue",
          "text" : "String"
        }
      } ]
    } ]
  }, {
    "scope" : "#/properties/model/properties/documentColumn",
    "providedOptionName" : "possibleValues",
    "values" : [ {
      "indices" : [ ],
      "value" : [ {
        "id" : "Document",
        "text" : "Document",
        "type" : {
          "id" : "org.knime.ext.textprocessing.data.DocumentValue",
          "text" : "Text document"
        }
      } ]
    } ]
  } ]
}